// Jest Snapshot v1, https://goo.gl/fbAQLP

exports[`transaction modal should render correctly 1`] = `
"<div role=\\"dialog\\" class=\\"MuiModal-root-15 MuiDialog-root-1\\" aria-labelledby=\\"modal-title-0\\">
  <div class=\\"MuiBackdrop-root-17\\" aria-hidden=\\"true\\" style=\\"opacity: 1; webkit-transition: opacity 225ms cubic-bezier(0.4, 0, 0.2, 1) 0ms; transition: opacity 225ms cubic-bezier(0.4, 0, 0.2, 1) 0ms;\\"></div>
  <div class=\\"MuiDialog-container-4 MuiDialog-scrollPaper-2\\" role=\\"document\\" style=\\"opacity: 1; transform: scale(1, 1); transition: opacity 225ms cubic-bezier(0.4, 0, 0.2, 1) 0ms,transform 150ms cubic-bezier(0.4, 0, 0.2, 1) 0ms;\\" tabindex=\\"-1\\">
    <div class=\\"MuiPaper-root-19 MuiPaper-elevation24-45 MuiPaper-rounded-20 MuiDialog-paper-5 medium  MuiDialog-paperScrollPaper-6 MuiDialog-paperWidthSm-9\\"><button class=\\"styles__IconButton___1LWwV styles__DialogCloseButton___cxKPO\\"><svg viewBox=\\"0 0 16 16\\" class=\\"styles__icon___23x3R\\" width=\\"16\\" height=\\"16\\">
          <path fill-rule=\\"evenodd\\" d=\\"M8 6.59l5.3-5.3a1 1 0 011.4 1.42L9.42 8l5.3 5.3a1 1 0 01-1.42 1.4L8 9.42l-5.3 5.3a1 1 0 11-1.4-1.42L6.58 8l-5.3-5.3A1 1 0 112.7 1.3L8 6.58z\\"></path>
        </svg></button>
      <div class=\\"MuiDialogTitle-root-46 u-ellipsis\\" id=\\"modal-title-0\\">
        <div class=\\"u-ta-center\\">
          <div class=\\"\\"><span class=\\"Figure__Figure-total___MZ7Xt\\">-77.50</span><span class=\\"Figure__Figure-currency___195-B Figure__Figure__currency--withSpacing___2eXTy\\">â‚¬</span></div>
        </div>
      </div>
      <ul class=\\"MuiList-root-47 MuiList-padding-48\\">
        <li class=\\"MuiListItem-root-51 MuiListItem-default-54 MuiListItem-gutters-59 MuiListItem-alignItemsFlexStart-56\\">
          <div class=\\"MuiListItemIcon-root-64 WithStyles-ListItemIcon--root-63\\"><svg width=\\"16\\" height=\\"16\\" class=\\"TransactionModalRowIcon-reversed u-mt-1-half styles__icon___23x3R\\">
              <g fill=\\"#32363F\\" fill-rule=\\"evenodd\\">
                <path fill-rule=\\"nonzero\\" d=\\"M3.414 10H11a1 1 0 010 2H3.414l1.293 1.293a1 1 0 01-1.414 1.414l-3-3a1 1 0 010-1.414l3-3a1 1 0 011.414 1.414L3.414 10z\\" opacity=\\"0.5\\"></path>
                <path d=\\"M12.586 4l-1.293-1.293a1 1 0 111.414-1.414l3 3a1 1 0 010 1.414l-3 3a1 1 0 01-1.414-1.414L12.586 6H5a1 1 0 110-2h7.586z\\"></path>
              </g>
            </svg></div>
          <div class=\\"MuiListItemText-root-65\\"><span class=\\"MuiTypography-root-71 u-db u-ellipsis MuiTypography-subheading-78 MuiListItemText-primary-68\\"><div class=\\"TransactionLabel\\">Edf Particuliers</div><div><div class=\\"TransactionInfo\\"><span class=\\"TransactionInfoLabel\\">Date :</span>Saturday 26 August</div>
    </div></span>
  </div>
  </li>
  <li class=\\"MuiListItem-root-51 MuiListItem-default-54 MuiListItem-gutters-59\\">
    <div class=\\"MuiListItemIcon-root-64 WithStyles-ListItemIcon--root-63\\"></div>
    <div class=\\"MuiListItemText-root-65\\"><span class=\\"MuiTypography-root-71 u-db u-ellipsis MuiTypography-subheading-78 MuiListItemText-primary-68\\">Power</span></div><svg viewBox=\\"0 0 16 16\\" class=\\"styles__icon___23x3R\\" style=\\"fill: var(--coolGrey);\\" width=\\"16\\" height=\\"16\\">
      <path fill-rule=\\"evenodd\\" d=\\"M12.707 7.293l-6-6a.999.999 0 10-1.414 1.414L10.586 8l-5.293 5.293a.999.999 0 101.414 1.414l6-6a.999.999 0 000-1.414\\"></path>
    </svg>
  </li>
  <li class=\\"MuiListItem-root-51 MuiListItem-default-54 MuiListItem-gutters-59\\">
    <div class=\\"MuiListItemIcon-root-64 WithStyles-ListItemIcon--root-63\\"><svg width=\\"16\\" height=\\"16\\" class=\\"styles__icon___23x3R\\">
        <path d=\\"M13 1h3v2H0V1h3V0h2v1h6V0h2v1zM0 4h16v10.998A1 1 0 0115 16H1c-.552 0-1-.456-1-1.002V4zm2 2v8h12V6H2zm6 3h5v4H8V9z\\"></path>
      </svg></div>
    <div class=\\"MuiListItemText-root-65\\"><span class=\\"MuiTypography-root-71 u-db u-ellipsis MuiTypography-subheading-78 MuiListItemText-primary-68\\">Assigned to Aug 2017</span></div><svg viewBox=\\"0 0 16 16\\" class=\\"styles__icon___23x3R\\" style=\\"fill: var(--coolGrey);\\" width=\\"16\\" height=\\"16\\">
      <path fill-rule=\\"evenodd\\" d=\\"M12.707 7.293l-6-6a.999.999 0 10-1.414 1.414L10.586 8l-5.293 5.293a.999.999 0 101.414 1.414l6-6a.999.999 0 000-1.414\\"></path>
    </svg>
  </li>
  <li class=\\"MuiListItem-root-51 MuiListItem-default-54 MuiListItem-gutters-59\\">
    <div class=\\"MuiListItemIcon-root-64 WithStyles-ListItemIcon--root-63\\"><svg width=\\"16\\" height=\\"16\\" class=\\"styles__icon___23x3R\\">
        <path fill-rule=\\"evenodd\\" d=\\"M8 0C3.589 0 0 3.589 0 8s3.589 8 8 8a8.039 8.039 0 007.229-4.571 1 1 0 10-1.806-.858A6.031 6.031 0 018 14c-3.309 0-6-2.691-6-6s2.691-6 6-6c1.482 0 2.866.571 3.938 1.507a.989.989 0 00-.706.353 1 1 0 00.128 1.408l3 2.5A1 1 0 0016 7V3a1 1 0 00-1-1 .987.987 0 00-.96.801C12.548 1.08 10.364 0 8 0z\\"></path>
      </svg></div>
    <div class=\\"MuiListItemText-root-65\\"><span class=\\"MuiTypography-root-71 u-db u-ellipsis MuiTypography-subheading-78 MuiListItemText-primary-68\\"><div>Occasional transaction</div></span></div><svg viewBox=\\"0 0 16 16\\" class=\\"styles__icon___23x3R\\" style=\\"fill: var(--coolGrey);\\" width=\\"16\\" height=\\"16\\">
      <path fill-rule=\\"evenodd\\" d=\\"M12.707 7.293l-6-6a.999.999 0 10-1.414 1.414L10.586 8l-5.293 5.293a.999.999 0 101.414 1.414l6-6a.999.999 0 000-1.414\\"></path>
    </svg>
  </li>
  </ul>
</div>
</div>
</div>"
`;
