// Jest Snapshot v1, https://goo.gl/fbAQLP

exports[`notifications should send a notification view 1`] = `
[MockFunction] {
  "calls": Array [
    Array [
      "POST",
      "/notifications",
      Object {
        "data": Object {
          "attributes": Object {
            "category": "my-category",
            "content": "  # Cozy - My app

  ## My email title - Hello patrick!


  # Title 1

  ## Title 2

  Paragraph 1

  Paragraph 2

",
            "content_html": "
    <!doctype html>
    <html xmlns=\\"http://www.w3.org/1999/xhtml\\" xmlns:v=\\"urn:schemas-microsoft-com:vml\\" xmlns:o=\\"urn:schemas-microsoft-com:office:office\\">
      <head>
        <title>
          
        </title>
        <!--[if !mso]><!-- -->
        <meta http-equiv=\\"X-UA-Compatible\\" content=\\"IE=edge\\">
        <!--<![endif]-->
        <meta http-equiv=\\"Content-Type\\" content=\\"text/html; charset=UTF-8\\">
        <meta name=\\"viewport\\" content=\\"width=device-width, initial-scale=1\\">
        <style type=\\"text/css\\">
          #outlook a { padding:0; }
          .ReadMsgBody { width:100%; }
          .ExternalClass { width:100%; }
          .ExternalClass * { line-height:100%; }
          body { margin:0;padding:0;-webkit-text-size-adjust:100%;-ms-text-size-adjust:100%; }
          table, td { border-collapse:collapse;mso-table-lspace:0pt;mso-table-rspace:0pt; }
          img { border:0;height:auto;line-height:100%; outline:none;text-decoration:none;-ms-interpolation-mode:bicubic; }
          p { display:block;margin:13px 0; }
        </style>
        <!--[if !mso]><!-->
        <style type=\\"text/css\\">
          @media only screen and (max-width:480px) {
            @-ms-viewport { width:320px; }
            @viewport { width:320px; }
          }
        </style>
        <!--<![endif]-->
        <!--[if mso]>
        <xml>
        <o:OfficeDocumentSettings>
          <o:AllowPNG/>
          <o:PixelsPerInch>96</o:PixelsPerInch>
        </o:OfficeDocumentSettings>
        </xml>
        <![endif]-->
        <!--[if lte mso 11]>
        <style type=\\"text/css\\">
          .outlook-group-fix { width:100% !important; }
        </style>
        <![endif]-->
        
      <!--[if !mso]><!-->
        <link href=\\"https://fonts.googleapis.com/css?family=Lato:400,700\\" rel=\\"stylesheet\\" type=\\"text/css\\">
        <style type=\\"text/css\\">
          @import url(https://fonts.googleapis.com/css?family=Lato:400,700);
        </style>
      <!--<![endif]-->

    
        
    <style type=\\"text/css\\">
      @media only screen and (min-width:480px) {
        .mj-column-per-100 { width:100% !important; max-width: 100%; }
.mj-column-per-50 { width:50% !important; max-width: 50%; }
      }
    </style>
    
  
        <style type=\\"text/css\\">
        
        

    @media only screen and (max-width:480px) {
      table.full-width-mobile { width: 100% !important; }
      td.full-width-mobile { width: auto !important; }
    }
  
        </style>
        
        
      </head>
      <body style=\\"background-color:#f5f6f7;\\">
        
        
      <div style=\\"background-color:#f5f6f7;\\">
        
      
      <!--[if mso | IE]>
      <table
         align=\\"center\\" border=\\"0\\" cellpadding=\\"0\\" cellspacing=\\"0\\" class=\\"\\" style=\\"width:600px;\\" width=\\"600\\"
      >
        <tr>
          <td style=\\"line-height:0px;font-size:0px;mso-line-height-rule:exactly;\\">
      <![endif]-->
    
      
      <div style=\\"Margin:0px auto;max-width:600px;\\">
        
        <table align=\\"center\\" border=\\"0\\" cellpadding=\\"0\\" cellspacing=\\"0\\" role=\\"presentation\\" style=\\"border-spacing: 0; width: 100%;\\" width=\\"100%\\">
          <tbody>
            <tr>
              <td style=\\"direction:ltr;font-size:0px;padding:20px 0;padding-bottom:0;padding-top:0;text-align:center;vertical-align:top;\\">
                <!--[if mso | IE]>
                  <table role=\\"presentation\\" border=\\"0\\" cellpadding=\\"0\\" cellspacing=\\"0\\">
                
        <tr>
      
            <td
               class=\\"\\" style=\\"vertical-align:top;width:600px;\\"
            >
          <![endif]-->
            
      <div class=\\"mj-column-per-100 outlook-group-fix\\" style=\\"font-size:13px;text-align:left;direction:ltr;display:inline-block;vertical-align:top;width:100%;\\">
        
      <table border=\\"0\\" cellpadding=\\"0\\" cellspacing=\\"0\\" role=\\"presentation\\" style=\\"border-spacing: 0; vertical-align: top;\\" width=\\"100%\\" valign=\\"top\\">
        
            <tr>
              <td align=\\"center\\" style=\\"font-size:0px;padding:10px 25px;word-break:break-word;\\">
                
      <table border=\\"0\\" cellpadding=\\"0\\" cellspacing=\\"0\\" role=\\"presentation\\" style=\\"border-collapse: collapse; border-spacing: 0px;\\">
        <tbody>
          <tr>
            <td style=\\"width:100px;\\">
              
      <img height=\\"auto\\" src=\\"https://downcloud.cozycloud.cc/upload/cozy-banks/email-assets/logo-cozy.png\\" style=\\"border:0;display:block;outline:none;text-decoration:none;height:auto;width:100%;\\" width=\\"100\\">
    
            </td>
          </tr>
        </tbody>
      </table>
    
              </td>
            </tr>
          
      </table>
    
      </div>
    
          <!--[if mso | IE]>
            </td>
          
        </tr>
      
                  </table>
                <![endif]-->
              </td>
            </tr>
          </tbody>
        </table>
        
      </div>
    
      
      <!--[if mso | IE]>
          </td>
        </tr>
      </table>
      <![endif]-->
    
    <!-- white sheet -->
      
      <!--[if mso | IE]>
      <table
         align=\\"center\\" border=\\"0\\" cellpadding=\\"0\\" cellspacing=\\"0\\" class=\\"\\" style=\\"width:600px;\\" width=\\"600\\"
      >
        <tr>
          <td style=\\"line-height:0px;font-size:0px;mso-line-height-rule:exactly;\\">
      <![endif]-->
    
      
      <div style=\\"background:white;background-color:white;Margin:0px auto;max-width:600px;\\">
        
        <table align=\\"center\\" border=\\"0\\" cellpadding=\\"0\\" cellspacing=\\"0\\" role=\\"presentation\\" style=\\"border-spacing: 0; background: white; background-color: white; width: 100%;\\" width=\\"100%\\" bgcolor=\\"white\\">
          <tbody>
            <tr>
              <td style=\\"border:1px solid #d6d6d8;border-top:none;direction:ltr;font-size:0px;padding:20px 0;text-align:center;vertical-align:top;\\">
                <!--[if mso | IE]>
                  <table role=\\"presentation\\" border=\\"0\\" cellpadding=\\"0\\" cellspacing=\\"0\\">
                <![endif]-->
                  
      <!-- header -->
          <!--[if mso | IE]>
            <tr>
              <td
                 class=\\"\\" width=\\"600px\\"
              >
          
      <table
         align=\\"center\\" border=\\"0\\" cellpadding=\\"0\\" cellspacing=\\"0\\" class=\\"\\" style=\\"width:598px;\\" width=\\"598\\"
      >
        <tr>
          <td style=\\"line-height:0px;font-size:0px;mso-line-height-rule:exactly;\\">
      <![endif]-->
    
      
      <div style=\\"Margin:0px auto;max-width:598px;\\">
        
        <table align=\\"center\\" border=\\"0\\" cellpadding=\\"0\\" cellspacing=\\"0\\" role=\\"presentation\\" style=\\"border-spacing: 0; width: 100%;\\" width=\\"100%\\">
          <tbody>
            <tr>
              <td style=\\"direction:ltr;font-size:0px;padding:20px 0;padding-bottom:0;padding-top:0;text-align:center;vertical-align:top;\\">
                <!--[if mso | IE]>
                  <table role=\\"presentation\\" border=\\"0\\" cellpadding=\\"0\\" cellspacing=\\"0\\">
                
        <tr>
      
            <td
               class=\\"\\" style=\\"vertical-align:top;width:299px;\\"
            >
          <![endif]-->
            
      <div class=\\"mj-column-per-50 outlook-group-fix\\" style=\\"font-size:13px;text-align:left;direction:ltr;display:inline-block;vertical-align:top;width:100%;\\">
        
      <table border=\\"0\\" cellpadding=\\"0\\" cellspacing=\\"0\\" role=\\"presentation\\" style=\\"border-spacing: 0; vertical-align: top;\\" width=\\"100%\\" valign=\\"top\\">
        
            <tr>
              <td align=\\"left\\" class=\\"header__title\\" style=\\"font-size:0px;padding:10px 25px;word-break:break-word;\\">
                
      <table cellpadding=\\"4px\\" cellspacing=\\"0\\" width=\\"100%\\" border=\\"0\\" style=\\"border-spacing: 0; cellspacing: 0; color: #000000; font-family: Lato, Helvetica, Arial, sans-serif; font-size: 13px; line-height: 22px; table-layout: auto; width: 100%;\\">
        <tr>
              <td width=\\"30px\\">
                <a href style=\\"text-decoration: none; color: inherit; white-space: nowrap;\\">
                  <img align=\\"left\\" width=\\"30px\\" src=\\"    https://downcloud.cozycloud.cc/upload/cozy-banks/email-assets/logo-my-app.png
\\" alt=\\"    My app
\\">
                </a>
              </td>
              <td>
                <h1 style=\\"display: block; margin: 0; padding: 0; line-height: 32px;\\"><a href style=\\"text-decoration: none; color: inherit; white-space: nowrap;\\">    My app
</a></h1>
              </td>
            </tr>
      </table>
    
              </td>
            </tr>
          
      </table>
    
      </div>
    
          <!--[if mso | IE]>
            </td>
          
            <td
               class=\\"emailHeader-outlook\\" style=\\"vertical-align:top;width:299px;\\"
            >
          <![endif]-->
            
      <div class=\\"mj-column-per-50 outlook-group-fix emailHeader\\" style=\\"font-size:13px;text-align:left;direction:ltr;display:inline-block;vertical-align:top;width:100%;\\">
        
      <table border=\\"0\\" cellpadding=\\"0\\" cellspacing=\\"0\\" role=\\"presentation\\" style=\\"border-spacing: 0; vertical-align: top;\\" width=\\"100%\\" valign=\\"top\\">
        
            <tr>
              <td align=\\"left\\" style=\\"font-size:0px;padding:10px 25px;padding-top:0;padding-bottom:0;word-break:break-word;\\">
                
      <div style=\\"font-family:Lato, Helvetica, Arial, sans-serif;font-size:13px;line-height:1;text-align:left;color:#000000;\\">
        <div class=\\"header__desc__title txtRight\\" style=\\"color: #32363F; font-weight: bold; font-size: 16px; margin-bottom: 4px; letter-spacing: 0.5px; text-align: right;\\">
                    My email title

              </div>
              <div class=\\"header__desc__subtitle txtRight\\" style=\\"color: #95999D; font-size: 14px; letter-spacing: 0.4px; text-align: right;\\">
                    Hello patrick!

              </div>
      </div>
    
              </td>
            </tr>
          
      </table>
    
      </div>
    
          <!--[if mso | IE]>
            </td>
          
        </tr>
      
                  </table>
                <![endif]-->
              </td>
            </tr>
          </tbody>
        </table>
        
      </div>
    
      
      <!--[if mso | IE]>
          </td>
        </tr>
      </table>
      
              </td>
            </tr>
          
            <tr>
              <td
                 class=\\"before-content-outlook\\" width=\\"600px\\"
              >
          
      <table
         align=\\"center\\" border=\\"0\\" cellpadding=\\"0\\" cellspacing=\\"0\\" class=\\"before-content-outlook\\" style=\\"width:598px;\\" width=\\"598\\"
      >
        <tr>
          <td style=\\"line-height:0px;font-size:0px;mso-line-height-rule:exactly;\\">
      <![endif]-->
    
      
      <div class=\\"before-content\\" style=\\"Margin:0px auto;max-width:598px;\\">
        
        <table align=\\"center\\" border=\\"0\\" cellpadding=\\"0\\" cellspacing=\\"0\\" role=\\"presentation\\" style=\\"border-spacing: 0; width: 100%;\\" width=\\"100%\\">
          <tbody>
            <tr>
              <td style=\\"direction:ltr;font-size:0px;padding:20px 0;padding-bottom:8px;padding-top:8px;text-align:center;vertical-align:top;\\">
                <!--[if mso | IE]>
                  <table role=\\"presentation\\" border=\\"0\\" cellpadding=\\"0\\" cellspacing=\\"0\\">
                
        <tr>
      
            <td
               class=\\"\\" style=\\"vertical-align:top;width:598px;\\"
            >
          <![endif]-->
            
      <div class=\\"mj-column-per-100 outlook-group-fix\\" style=\\"font-size:13px;text-align:left;direction:ltr;display:inline-block;vertical-align:top;width:100%;\\">
        
      <table border=\\"0\\" cellpadding=\\"0\\" cellspacing=\\"0\\" role=\\"presentation\\" style=\\"border-spacing: 0; vertical-align: top;\\" width=\\"100%\\" valign=\\"top\\">
        
            <tr>
              <td style=\\"font-size:0px;padding:10px 25px;word-break:break-word;\\">
                
      <p style=\\"border-top:solid 1px #95999d;font-size:1;margin:0px auto;width:100%;\\">
      </p>
      
      <!--[if mso | IE]>
        <table
           align=\\"center\\" border=\\"0\\" cellpadding=\\"0\\" cellspacing=\\"0\\" style=\\"border-top:solid 1px #95999d;font-size:1;margin:0px auto;width:548px;\\" role=\\"presentation\\" width=\\"548px\\"
        >
          <tr>
            <td style=\\"height:0;line-height:0;\\">
              &nbsp;
            </td>
          </tr>
        </table>
      <![endif]-->
    
    
              </td>
            </tr>
          
      </table>
    
      </div>
    
          <!--[if mso | IE]>
            </td>
          
        </tr>
      
                  </table>
                <![endif]-->
              </td>
            </tr>
          </tbody>
        </table>
        
      </div>
    
      
      <!--[if mso | IE]>
          </td>
        </tr>
      </table>
      
              </td>
            </tr>
          <![endif]-->
        <!-- content -->
          <!--[if mso | IE]>
            <tr>
              <td
                 class=\\"\\" width=\\"600px\\"
              >
          
      <table
         align=\\"center\\" border=\\"0\\" cellpadding=\\"0\\" cellspacing=\\"0\\" class=\\"\\" style=\\"width:598px;\\" width=\\"598\\"
      >
        <tr>
          <td style=\\"line-height:0px;font-size:0px;mso-line-height-rule:exactly;\\">
      <![endif]-->
    
      
      <div style=\\"Margin:0px auto;max-width:598px;\\">
        
        <table align=\\"center\\" border=\\"0\\" cellpadding=\\"0\\" cellspacing=\\"0\\" role=\\"presentation\\" style=\\"border-spacing: 0; width: 100%;\\" width=\\"100%\\">
          <tbody>
            <tr>
              <td style=\\"direction:ltr;font-size:0px;padding:20px 0;text-align:center;vertical-align:top;\\">
                <!--[if mso | IE]>
                  <table role=\\"presentation\\" border=\\"0\\" cellpadding=\\"0\\" cellspacing=\\"0\\">
                
        <tr>
      
            <td
               class=\\"\\" style=\\"vertical-align:top;width:598px;\\"
            >
          <![endif]-->
            
      <div class=\\"mj-column-per-100 outlook-group-fix\\" style=\\"font-size:13px;text-align:left;direction:ltr;display:inline-block;vertical-align:top;width:100%;\\">
        
      <table border=\\"0\\" cellpadding=\\"0\\" cellspacing=\\"0\\" role=\\"presentation\\" style=\\"border-spacing: 0; vertical-align: top;\\" width=\\"100%\\" valign=\\"top\\">
        
            <tr>
              <td align=\\"left\\" style=\\"font-size:0px;padding:10px 25px;word-break:break-word;\\">
                
      <div style=\\"font-family:Lato, Helvetica, Arial, sans-serif;font-size:13px;line-height:1;text-align:left;color:#000000;\\">
        <h1 style=\\"display: block; margin: 0; padding: 0;\\">Title 1</h1>
          <h2 style=\\"display: block; margin: 0; padding: 0;\\">Title 2</h2>
          <p>Paragraph 1</p>
      </div>
    
              </td>
            </tr>
          
      </table>
    
      </div>
    
          <!--[if mso | IE]>
            </td>
          
        </tr>
      
                  </table>
                <![endif]-->
              </td>
            </tr>
          </tbody>
        </table>
        
      </div>
    
      
      <!--[if mso | IE]>
          </td>
        </tr>
      </table>
      
              </td>
            </tr>
          
            <tr>
              <td
                 class=\\"\\" width=\\"600px\\"
              >
          
      <table
         align=\\"center\\" border=\\"0\\" cellpadding=\\"0\\" cellspacing=\\"0\\" class=\\"\\" style=\\"width:598px;\\" width=\\"598\\"
      >
        <tr>
          <td style=\\"line-height:0px;font-size:0px;mso-line-height-rule:exactly;\\">
      <![endif]-->
    
      
      <div style=\\"Margin:0px auto;max-width:598px;\\">
        
        <table align=\\"center\\" border=\\"0\\" cellpadding=\\"0\\" cellspacing=\\"0\\" role=\\"presentation\\" style=\\"border-spacing: 0; width: 100%;\\" width=\\"100%\\">
          <tbody>
            <tr>
              <td style=\\"direction:ltr;font-size:0px;padding:20px 0;text-align:center;vertical-align:top;\\">
                <!--[if mso | IE]>
                  <table role=\\"presentation\\" border=\\"0\\" cellpadding=\\"0\\" cellspacing=\\"0\\">
                
        <tr>
      
            <td
               class=\\"\\" style=\\"vertical-align:top;width:598px;\\"
            >
          <![endif]-->
            
      <div class=\\"mj-column-per-100 outlook-group-fix\\" style=\\"font-size:13px;text-align:left;direction:ltr;display:inline-block;vertical-align:top;width:100%;\\">
        
      <table border=\\"0\\" cellpadding=\\"0\\" cellspacing=\\"0\\" role=\\"presentation\\" style=\\"border-spacing: 0; vertical-align: top;\\" width=\\"100%\\" valign=\\"top\\">
        
            <tr>
              <td align=\\"left\\" style=\\"font-size:0px;padding:10px 25px;word-break:break-word;\\">
                
      <div style=\\"font-family:Lato, Helvetica, Arial, sans-serif;font-size:13px;line-height:1;text-align:left;color:#000000;\\">
        <p>Paragraph 2</p>
      </div>
    
              </td>
            </tr>
          
      </table>
    
      </div>
    
          <!--[if mso | IE]>
            </td>
          
        </tr>
      
                  </table>
                <![endif]-->
              </td>
            </tr>
          </tbody>
        </table>
        
      </div>
    
      
      <!--[if mso | IE]>
          </td>
        </tr>
      </table>
      
              </td>
            </tr>
          
                  </table>
                <![endif]-->
              </td>
            </tr>
          </tbody>
        </table>
        
      </div>
    
      
      <!--[if mso | IE]>
          </td>
        </tr>
      </table>
      <![endif]-->
    
    <!-- footer -->
      
      <!--[if mso | IE]>
      <table
         align=\\"center\\" border=\\"0\\" cellpadding=\\"0\\" cellspacing=\\"0\\" class=\\"\\" style=\\"width:600px;\\" width=\\"600\\"
      >
        <tr>
          <td style=\\"line-height:0px;font-size:0px;mso-line-height-rule:exactly;\\">
      <![endif]-->
    
      
      <div style=\\"Margin:0px auto;max-width:600px;\\">
        
        <table align=\\"center\\" border=\\"0\\" cellpadding=\\"0\\" cellspacing=\\"0\\" role=\\"presentation\\" style=\\"border-spacing: 0; width: 100%;\\" width=\\"100%\\">
          <tbody>
            <tr>
              <td style=\\"direction:ltr;font-size:0px;padding:20px 0;padding-top:0;text-align:center;vertical-align:top;\\">
                <!--[if mso | IE]>
                  <table role=\\"presentation\\" border=\\"0\\" cellpadding=\\"0\\" cellspacing=\\"0\\">
                
        <tr>
      
            <td
               class=\\"\\" style=\\"vertical-align:top;width:300px;\\"
            >
          <![endif]-->
            
      <div class=\\"mj-column-per-50 outlook-group-fix\\" style=\\"font-size:13px;text-align:left;direction:ltr;display:inline-block;vertical-align:top;width:100%;\\">
        
      <table border=\\"0\\" cellpadding=\\"0\\" cellspacing=\\"0\\" role=\\"presentation\\" style=\\"border-spacing: 0; vertical-align: top;\\" width=\\"100%\\" valign=\\"top\\">
        
      </table>
    
      </div>
    
          <!--[if mso | IE]>
            </td>
          
            <td
               class=\\"\\" style=\\"vertical-align:top;width:300px;\\"
            >
          <![endif]-->
            
      <div class=\\"mj-column-per-50 outlook-group-fix\\" style=\\"font-size:13px;text-align:left;direction:ltr;display:inline-block;vertical-align:top;width:100%;\\">
        
      <table border=\\"0\\" cellpadding=\\"0\\" cellspacing=\\"0\\" role=\\"presentation\\" style=\\"border-spacing: 0; vertical-align: top;\\" width=\\"100%\\" valign=\\"top\\">
        
            <tr>
              <td align=\\"right\\" class=\\"footer__help\\" style=\\"font-size:0px;padding:10px 25px;word-break:break-word;\\">
                
      <div style=\\"font-family:Lato, Helvetica, Arial, sans-serif;font-size:13px;line-height:1;text-align:right;color:#000000;\\">
        <a href style=\\"display: inline-block; color: #95999D;\\">Go to app</a> -
    <a href style=\\"display: inline-block; margin-left: 16px; color: #95999D;\\">Go to settings</a>
      </div>
    
              </td>
            </tr>
          
      </table>
    
      </div>
    
          <!--[if mso | IE]>
            </td>
          
        </tr>
      
                  </table>
                <![endif]-->
              </td>
            </tr>
          </tbody>
        </table>
        
      </div>
    
      
      <!--[if mso | IE]>
          </td>
        </tr>
      </table>
      <![endif]-->
    
    
      </div>
    
      </body>
    </html>
  ",
            "message": "Push content",
            "preferred_channels": Array [
              "mail",
              "mobile",
            ],
            "title": "Notification title",
          },
          "type": "io.cozy.notifications",
        },
      },
    ],
  ],
  "results": Array [
    Object {
      "type": "return",
      "value": undefined,
    },
  ],
}
`;
