// Jest Snapshot v1, https://goo.gl/fbAQLP

exports[`DumbAppCard should render correctly if the platform matches with the current device 1`] = `"<a class=\\"styles__c-card___YgP7B Card\\" href=\\"http://some.thing\\" target=\\"_blank\\"><svg class=\\"styles__icon___23x3R\\" style=\\"fill: var(--coolGrey);\\" width=\\"16\\" height=\\"16\\"><use xlink:href=\\"#phone\\"></use></svg><div class=\\"u-ml-1\\"><div class=\\"u-text\\">Open the application</div><div class=\\"u-caption\\">On my phone</div></div></a>"`;

exports[`DumbPhoneCard should render correctly with number and price 1`] = `"<a class=\\"styles__c-card___YgP7B Card\\" href=\\"tel:01 23 45 67 89\\"><svg class=\\"styles__icon___23x3R\\" style=\\"fill: var(--coolGrey);\\" width=\\"16\\" height=\\"16\\"><use xlink:href=\\"#test-file-stub\\"></use></svg><div class=\\"u-ml-1\\"><div class=\\"u-text\\">01 23 45 67 89</div><div class=\\"u-caption\\">0,06â‚¬/min + call price</div></div></a>"`;

exports[`DumbPhoneCard should render correctly with only number 1`] = `"<a class=\\"styles__c-card___YgP7B Card\\" href=\\"tel:01 23 45 67 89\\"><svg class=\\"styles__icon___23x3R\\" style=\\"fill: var(--coolGrey);\\" width=\\"16\\" height=\\"16\\"><use xlink:href=\\"#test-file-stub\\"></use></svg><div class=\\"u-ml-1\\"><div class=\\"u-text\\">01 23 45 67 89</div><div class=\\"u-caption\\">Not surcharged call</div></div></a>"`;

exports[`DumbWebCard should render correctly 1`] = `"<a class=\\"styles__c-card___YgP7B Card\\" href=\\"https://ameli.fr\\" target=\\"_blank\\"><svg class=\\"styles__icon___23x3R\\" style=\\"fill: var(--coolGrey);\\" width=\\"16\\" height=\\"16\\"><use xlink:href=\\"#test-file-stub\\"></use></svg><div class=\\"u-ml-1\\"><div class=\\"u-text\\">Send my care sheet</div><div class=\\"u-caption\\">ameli.fr</div></div></a>"`;
